Asset A*CBAMNSTM_ASKL.CBAMNSTL_ABLD is duplicate
Asset CBAMNSTM_A.AMULSULTWRM is duplicate
Asset CBAMNSTM_A is duplicate
Asset A*CBAMNSTM_ASKL.CBAMNSTM_ABLD is duplicate
Asset H*CBAMNSTM_ASKL is duplicate
Asset CBDOCKBRIDGE_01 is duplicate
Asset H*CBDOCKBRIDGE_01 is duplicate
Asset CBDOCKBRIDGE_01.BRIDGE01 is duplicate
Asset CBDOCKBRIDGE_01 is duplicate
Asset H*CBDOLGULTOWER2B is duplicate
Asset CBDOLGULTOWER2B.CBDOLGULTOWER2B is duplicate
Asset CBDOLGULTOWER2B is duplicate
Asset CBDOLGULTOWER2 is duplicate
Asset PTGRASS03 is duplicate
Asset PTGRASS03 is duplicate
Asset CHUNK_0x00000500 is duplicate
Asset CHUNK_0x00000500 is duplicate
Asset CHUNK_0x00000500 is duplicate
Asset A*EUHALDIR_SKL.EUHALDIR_CHRS_T is duplicate
Asset A*EUHALDIR_SKL.EUHALDIR_IDLC_T is duplicate
Asset A*EUHALDIR_SKL.EUHALDIR_RUNO_T is duplicate
Asset A*EUHALDIR_SKL.EUHALDIR_TNTSV1 is duplicate
Asset PTGRASS03 is duplicate
Asset CHUNK_0x00000b00 is duplicate
Asset CHUNK_0x00000b00 is duplicate
Asset A*IUSIEGBALL_SKL.IUSIEGBALL_IDLA has same ID as EBSIEGE.EBBARRACKS01!!!
Asset H*KBWALLN_BIB is duplicate
Asset KBWALLN_BIB is duplicate
Asset A*KUDIREWOLF_SKL.KUDIREWOLF_ATKA has same ID as EBNGATE_BLD.LANTERNSB16!!!
Asset CHUNK_0x80000000 is duplicate
Asset CHUNK_0x80000000 is duplicate
Asset CHUNK_0x80000000 is duplicate
Asset CHUNK_0x80000000 is duplicate
Asset CHUNK_0x80000000 is duplicate
Asset H*GBWALLRAMPART is duplicate
Asset GBWALLRAMPART.GBWALLRAMPART is duplicate
Asset GBWALLRAMPART is duplicate
Asset H*GBWALLRAMPS is duplicate
Asset GBWALLRAMPS.GBWALLRAMP2 is duplicate
Asset GBWALLRAMPS is duplicate
Asset A*MUBLKRIDER_SKL.MUBLKRIDER_WLKA is duplicate
Asset PTGRASS03 is duplicate
Asset PTGRASSEREG01 is duplicate
Asset PTGRASSEREG01 is duplicate
Asset PTGRASSEREG01 is duplicate
Asset PTGRASSEREG01 is duplicate
Asset RBHDIWALL1_D1 is duplicate
Asset RBHDIWALL2_D1 is duplicate
Asset A*CBAS45D3_SKLL.CBAS45D3_ANL is duplicate
Asset H*CBAS45D3_SKLL is duplicate
Asset CBAS45D3L.WALL_45LD3 is duplicate
Asset CBAS45D3L is duplicate
Asset H*CBAS45D1L is duplicate
Asset CBAS45D1L.AMONSUL45M is duplicate
Asset CBAS45D1L is duplicate
Asset H*CBAS45D1M is duplicate
Asset CBAS45D1M.AMONSUL45M is duplicate
Asset CBAS45D1M is duplicate
Asset H*CBAS45D2L is duplicate
Asset CBAS45D2L.AMONSUL45M is duplicate
Asset CBAS45D2L is duplicate
Asset H*CBAS45D2M is duplicate
Asset CBAS45D2M.AMONSUL45M is duplicate
Asset CBAS45D2M is duplicate
Asset A*CBAS45D3_SKLM.CBAS45D3_ANM is duplicate
Asset H*CBAS45D3_SKLM is duplicate
Asset CBAS45D3M.WALL4 is duplicate
Asset CBAS45D3M.WALL0 is duplicate
Asset CBAS45D3M.WALLA is duplicate
Asset CBAS45D3M.WALL is duplicate
Asset CBAS45D3M is duplicate
Asset H*CBAS45M is duplicate
Asset CBAS45M.AMONSUL45M is duplicate
Asset CBAS45M is duplicate
Asset H*CBAMONSULTWRTL is duplicate
Asset CBAMONSULTWRTL.TALL_TOWER is duplicate
Asset CBAMONSULTWRTL is duplicate
Asset A*RUELROND_SKL.RUELROND_TNTSV1 is duplicate
Asset H*RUPSNT_1_SKL is duplicate
Asset H*RUTHEODEN_SKL is duplicate
Asset PTGRASS03 is duplicate
Asset PTGRASS03 is duplicate
Asset H*WBFISSURE_BIBV2 is duplicate
Asset WBFISSURE_BIBV2.BIB is duplicate
Asset WBFISSURE_BIBV2 is duplicate
Asset H*GBWALLRAMPART is duplicate
Asset GBWALLRAMPART.GBWALLRAMPART is duplicate
Asset GBWALLRAMPART is duplicate
Asset H*GBWALLRAMPS is duplicate
Asset GBWALLRAMPS.GBWALLRAMP2 is duplicate
Asset GBWALLRAMPS is duplicate
